// Jest Snapshot v1, https://goo.gl/fbAQLP

exports[`renders <RestaurantTable /> properly 1`] = `""`;
