// Jest Snapshot v1, https://goo.gl/fbAQLP

exports[`renders <Heading /> properly 1`] = `ShallowWrapper {}`;
