// Jest Snapshot v1, https://goo.gl/fbAQLP

exports[`renders <Container /> properly 1`] = `
<div
  className="app-container"
/>
`;
